// Jest Snapshot v1, https://goo.gl/fbAQLP

exports[`Button component Matches the snapshot 1`] = `
<div>
  <button>
    TEST
  </button>
</div>
`;
